eeschema (2012-apr-16-27)-stable  >> Creation date: mar. 18 févr. 2014 09:33:25 CET

#Cmp ( ordre = Référence )
| ADXL3501   ADXL350     
| C1         22p         
| C2         22p         
| C3         27p         
| C4         100n        
| C5         27p         
| C6         22pF        
| C7         22pF        
| C8         22pF        
| C9         22pF        
| C10        10uF        
| C11        18pF        
| C12        18pF        
| C13        1uF         
| C14        22pF        
| C15        22pF        
| C16        0.1uF       
| C17        22pF        
| C18        4.7uF       
| C19        0.1uF       
| C20        22pF        
| C21        18pF        
| C22        18pF        
| C23        1uF         
| C24        4.7uF       
| C25        0.1uF       
| C26        0.1uF       
| C27        22uF        
| C28        22pF        
| C29        22pF        
| C30        22pF        
| C31        22pF        
| C32        22pF        
| C33        22pF        
| C34        4.7u        
| C35        4.7u        
| C36        4.7u        
| C37        100n        
| C38        1u          
| C39        10n 4V      
| C40        100n 4V     
| C41        2.2n 50V    
| C42        100n        
| C43        100n        
| C44        100n        
| C45        100n        
| C46        100n        
| C47        100n        
| C48        100n        
| C49        100n        
| C50        100n        
| C51        100n        
| C52        100n        
| C53        100n        
| C54        100n        
| C55        10u         
| C56        22p         
| C57        22p         
| C58        22p         
| C59        22pF        
| C60        22p         
| C61        22p         
| C62        22p         
| C63        22p         
| C64        100n        
| C65        100n        
| C66        100n        
| C67        100n        
| C68        4.7u        
| C69        4.7u        
| C70        4.7u        
| C71        100n        
| C?         100n 2V     
| D1         5.1V        
| D2         LED         
| D3         LED         
| D4         LED         
| D5         LED         
| D6         LED         
| D7         LED         
| D8         LED         
| D10        LED         
| D11        5.1V        
| D12        LED         
| D13        LED         
| D14        LED         
| D15        LED         
| D16        LED         
| FB1        FILTER      
| FB2        FILTER      
| GS1        GS2         
| GS2        GS2         
| J?         USB_2       
| K1         CONN_3      
| K2         CONN_3      
| P1         CONN_2      
| P2         CONN_6      
| P3         CONN_6      
| Q1         16MHz       
| Q2         16MHz       
| Q3         6MHz        
| Q4         PNP         
| Q5         PNP         
| Q6         MOS_P       
| R1         27R         
| R2         27R         
| R3         1.5k        
| R4         10k         
| R5         27R         
| R6         27R         
| R7         27R         
| R8         27R         
| R9         27R         
| R10        27R         
| R11        22R         
| R12        22R         
| R13        150R        
| R14        150R        
| R15        150R        
| R16        150R        
| R17        27R         
| R18        27R         
| R19        15k         
| R20        15k         
| R21        22R         
| R22        22R         
| R23        150R        
| R24        150R        
| R25        150R        
| R26        150R        
| R27        15k         
| R28        15k         
| R29        15k         
| R30        15k         
| R31        15k         
| R32        15k         
| R33        27R         
| R34        27R         
| R35        27R         
| R36        27R         
| R37        27R         
| R38        27R         
| R39        15k         
| R40        15k         
| R41        15k         
| R42        15k         
| R43        15k         
| R44        15k         
| R45        160         
| R46        1k          
| R47        330         
| R48        330         
| R49        330         
| R50        330         
| R51        1k          
| R52        39R 1%      
| R53        39R 1%      
| R54        100k        
| R55        2.2k        
| R56        2.2k        
| R57        2.2k        
| R58        2.2k        
| R59        0           
| R60        330         
| R61        330         
| R62        6k8 1%      
| R63        22R         
| R64        22R         
| R65        22R         
| R66        1k          
| R67        10k         
| R68        10k         
| R69        22R         
| R70        22R         
| R71        330         
| R72        330         
| R73        330         
| R74        330         
| SAM3X8E1   AT91SAM3X8E 
| SW1        SW_PUSH     
| SW2        SW_PUSH     
| SW3        SW_PUSH     
| TH1        100R        
| TH11       100R        
| U1         ATMEGA32U2  
| U2         LED-BICOLORE
| U3         ATMEGA32U2  
| U4         LED-BICOLORE
| U5         TUSB2077    
| U6         TPS2044     
| U7         SN75240     
| U8         SN75240     
| U9         SN75240     
| U10        SN75240     
| U11        USB*2       
| U12        JST         
| U13        AP1117      
| U14        ITG-3200    
| U15        JST_3       
| U16        JST_3       
| U17        XBEE        
| U18        ATMEGA16U2  
| U19        SN74LVC1G125
| X1         12MHz       
| X2         32MHz       
| X3         12MHz 20pF  
#End Cmp

#Cmp ( ordre = Valeur )
| 0            R59       
| 0.1uF        C16       
| 0.1uF        C19       
| 0.1uF        C25       
| 0.1uF        C26       
| 1.5k         R3        
| 100k         R54       
| 100n         C4        
| 100n         C37       
| 100n         C42       
| 100n         C43       
| 100n         C44       
| 100n         C45       
| 100n         C46       
| 100n         C47       
| 100n         C48       
| 100n         C49       
| 100n         C50       
| 100n         C51       
| 100n         C52       
| 100n         C53       
| 100n         C54       
| 100n         C64       
| 100n         C65       
| 100n         C66       
| 100n         C67       
| 100n         C71       
| 100n 2V      C?        
| 100n 4V      C40       
| 100R         TH1       
| 100R         TH11      
| 10k          R4        
| 10k          R67       
| 10k          R68       
| 10n 4V       C39       
| 10u          C55       
| 10uF         C10       
| 12MHz        X1        
| 12MHz 20pF   X3        
| 150R         R13       
| 150R         R14       
| 150R         R15       
| 150R         R16       
| 150R         R23       
| 150R         R24       
| 150R         R25       
| 150R         R26       
| 15k          R19       
| 15k          R20       
| 15k          R27       
| 15k          R28       
| 15k          R29       
| 15k          R30       
| 15k          R31       
| 15k          R32       
| 15k          R39       
| 15k          R40       
| 15k          R41       
| 15k          R42       
| 15k          R43       
| 15k          R44       
| 160          R45       
| 16MHz        Q1        
| 16MHz        Q2        
| 18pF         C11       
| 18pF         C12       
| 18pF         C21       
| 18pF         C22       
| 1k           R46       
| 1k           R51       
| 1k           R66       
| 1u           C38       
| 1uF          C13       
| 1uF          C23       
| 2.2k         R55       
| 2.2k         R56       
| 2.2k         R57       
| 2.2k         R58       
| 2.2n 50V     C41       
| 22p          C1        
| 22p          C2        
| 22p          C56       
| 22p          C57       
| 22p          C58       
| 22p          C60       
| 22p          C61       
| 22p          C62       
| 22p          C63       
| 22pF         C6        
| 22pF         C7        
| 22pF         C8        
| 22pF         C9        
| 22pF         C14       
| 22pF         C15       
| 22pF         C17       
| 22pF         C20       
| 22pF         C28       
| 22pF         C29       
| 22pF         C30       
| 22pF         C31       
| 22pF         C32       
| 22pF         C33       
| 22pF         C59       
| 22R          R11       
| 22R          R12       
| 22R          R21       
| 22R          R22       
| 22R          R63       
| 22R          R64       
| 22R          R65       
| 22R          R69       
| 22R          R70       
| 22uF         C27       
| 27p          C3        
| 27p          C5        
| 27R          R1        
| 27R          R2        
| 27R          R5        
| 27R          R6        
| 27R          R7        
| 27R          R8        
| 27R          R9        
| 27R          R10       
| 27R          R17       
| 27R          R18       
| 27R          R33       
| 27R          R34       
| 27R          R35       
| 27R          R36       
| 27R          R37       
| 27R          R38       
| 32MHz        X2        
| 330          R47       
| 330          R48       
| 330          R49       
| 330          R50       
| 330          R60       
| 330          R61       
| 330          R71       
| 330          R72       
| 330          R73       
| 330          R74       
| 39R 1%       R52       
| 39R 1%       R53       
| 4.7u         C34       
| 4.7u         C35       
| 4.7u         C36       
| 4.7u         C68       
| 4.7u         C69       
| 4.7u         C70       
| 4.7uF        C18       
| 4.7uF        C24       
| 5.1V         D1        
| 5.1V         D11       
| 6k8 1%       R62       
| 6MHz         Q3        
| ADXL350      ADXL3501  
| AP1117       U13       
| AT91SAM3X8E  SAM3X8E1  
| ATMEGA16U2   U18       
| ATMEGA32U2   U1        
| ATMEGA32U2   U3        
| CONN_2       P1        
| CONN_3       K1        
| CONN_3       K2        
| CONN_6       P2        
| CONN_6       P3        
| FILTER       FB1       
| FILTER       FB2       
| GS2          GS1       
| GS2          GS2       
| ITG-3200     U14       
| JST          U12       
| JST_3        U15       
| JST_3        U16       
| LED          D2        
| LED          D3        
| LED          D4        
| LED          D5        
| LED          D6        
| LED          D7        
| LED          D8        
| LED          D10       
| LED          D12       
| LED          D13       
| LED          D14       
| LED          D15       
| LED          D16       
| LED-BICOLORE U2        
| LED-BICOLORE U4        
| MOS_P        Q6        
| PNP          Q4        
| PNP          Q5        
| SN74LVC1G125 U19       
| SN75240      U7        
| SN75240      U8        
| SN75240      U9        
| SN75240      U10       
| SW_PUSH      SW1       
| SW_PUSH      SW2       
| SW_PUSH      SW3       
| TPS2044      U6        
| TUSB2077     U5        
| USB*2        U11       
| USB_2        J?        
| XBEE         U17       
#End Cmp

#End List
